// Jest Snapshot v1, https://goo.gl/fbAQLP

exports[`<HomepageHeader/> should render the HomepageHeader component 1`] = `
<DocumentFragment>
  <div
    class="css-2svive"
  >
    <div
      class="css-vg50we"
    >
      <div
        class="css-6ec6j0"
      >
        <div
          class="css-q43csh"
        >
          <h1
            class="chakra-heading css-a8lha7"
          >
            Test title
          </h1>
          <p
            class="chakra-text css-g29wr0"
          >
            Test tagline
          </p>
        </div>
      </div>
    </div>
  </div>
</DocumentFragment>
`;
